--- loot

You get a large intricate diamond from the corpse of the necromancer of the hollow.
You get a black ceremonial tunic from the corpse of the necromancer of the hollow.
You get Sebastian's Soul from the corpse of Sebastian.

--- notes

  - P: Enter puddle to S
  - S: Sebastian (no exits from room)

You get a sapphire key from the corpse of Aurlec.
You get Meredith's Soul from a large intricate diamond.

> meld sebas mered
As you join the two souls a sense of warmth and love and strength fills your heart. (a ring of united souls)

--- map

                                                    # - # - #
                                                    |       |
                                    #               #       # - #           P   S
                                    |               |                       |
                                    # - # - # ----- # - # - #               #
                                            |               |               |
                                            #               # * #   # - # - #
                                            |               |   |   |
                                      A     #               #   # - #
                                     ⩘      |               |
                                # - # - # - # ----- # - # - #
                                |   ^   |   |               |
                                | A |   | A |               |
                                |⩘  |   |⩘  |               |
            Fairhaven - # - # - # < A > # - #               #
                                |   |   |                   |
                                | B |   | B                 |
                                |⩘  |   |⩘                  |
                                # < B > #           #       #         P
                                |       |           |       |        ⩘
                                # ----- # - # - # - #       # - # - # - #  P
                                            |   |                   ^   |⩘
                                            # - #                   P > #
                                            |   |                   v⩘  |
                                            # - # - # - # - # - # - # - # 

--- items

Object 'Sebastian's Soul', Item type: OTHER
Item will give you following abilities:  NOBITS
Item is: INSERT_PART IDENTIFIED
Weight: 1, Value: 10000, Rent: 100
Values not used for this item.
Can affect you as :
   Affects: DAMROLL By 1
   Affects: HITROLL By 1

Object 'a large intricate diamond', Item type: CONTAINER
Item will give you following abilities:  NOBITS
Item is: IDENTIFIED
Weight: 2, Value: 50000, Rent: 1
Capacity: 1lbs Flags: CLOSEABLE CLOSED  Key: No Key Is corpse? No

Object 'Meredith's Soul', Item type: OTHER
Item will give you following abilities:  NOBITS
Item is: MAIN_PART IDENTIFIED
Weight: 1, Value: 10000, Rent: 110
Values not used for this item.
Can affect you as :
   Affects: MAXHIT By 10
   Affects: MAXMANA By 10

Object 'a ring of united souls', Item type: OTHER
Item will give you following abilities:  NOBITS
Item is: IDENTIFIED
Weight: 1, Value: 10000, Rent: 230
Values not used for this item.
Can affect you as :
   Affects: DAMROLL By 1
   Affects: HITROLL By 1
   Affects: MAXHIT By 10
   Affects: MAXMANA By 10
   Affects: ARMOR By -4

Object 'a black ceremonial tunic', Item type: ARMOR
Item will give you following abilities:  NOBITS
Item is: !SHOU_LIN IDENTIFIED
Weight: 2, Value: 500, Rent: 230
AC apply: 6
Can affect you as :
   Affects: INT By 2
   Affects: HITROLL By 1
   Affects: DAMROLL By 1

