--- notes

Map is divided into the city (inside the gates) and surrounds.

--- map (city)

                        |            /  |    /                                  |
                        # -         # - # - #  Bank                             #
        |   |           |   |   |   |   |   |   |                   |           |
    W - # - # - # - # - # - # - # - # - # - # - # - # ------------- # - # - # - # -
        |/  |           |       |   |/  |   |/      |               |           |
        #   |           |    Travel # - # - #   # - # - # - #       #           |
            |           |    Agency     |       |   +   |   |       |           |
            #           # -         a - #       #  Inn  #   # - #   # -         #
            |           |               |       |   |   |   |   |   |           |
            #         - #               #       # - # - #   # - #   |           #
            |           |    Warrior    |               |           |  The      |
            |           |     Guild     |               #           | Prison    |
            |           |       |       |                           |   |       |
            # - # - # - # ----- # - # - # ----- # ----- # --------- # - # - # - #
            |           |               |                           |   |       |
            #           # - Mage Guild  #                         - #  Law      #
            |  Cleric   |               |                           | Offices   |
            #   Guild - #               #                         - #           #
            |           |               |           |               |           |
            # - # - # - # - # - # ----- # ----- # - # - # --------- # - # ----- #
                                                                    |   |
                                                                    D

--- map (surrounds)

        The River
            |
            #
            |
            #
            |
            #       #
            |      /|  Road to the                                               /  |    /
            #     # #  Black Market                                             # - # - #
            |    /  |       ∧       |                                           |   |   |
            # - #   # - # - # - # - #                                         - # - # - # -
            |               |       |           |   |   |   |                   |/  |   |/
            |               |       #           # - # - # - # -                 # - # - #
            |               |       |           |   |   |/  |                       |
            |               #       #           #   |   #   #                   a - #
            |               |       |           |   |       |                       |
            |               |       # - # - # - #   |       #                       #
            |               |                       |       |                       |
            |               #                       #       # -                   - # -
            |               |                       |       |                       |
            |               |                       |       #                       #
            |               |                       |       |                       |
            |               #                       |       #                       #
            |               |                       |       |           |           |           |   |
            |               |                       |       # - # - # - # - # - # - # - # - # - # - # -
            |               |                       |                                               |
            |               |                       # --------------------- # --------------------- # - 
 The Great  |               |                       |                      /                       /
  Western < # - # - # ----- # --------- # --------- # ------------------ # ---------------------- # -
   Ocean

--- shops

Mitzak the Sage (in a):
 ##   Available   Item                                               Cost
-------------------------------------------------------------------------
  1)  Unlimited   The Bargain wand                                  33000
  2)  Unlimited   A large wand                                      24200
  3)  Unlimited   An ancient scroll of knowing                      19305


