--- notes

From Samsera: 14e

Tower keys are found on guards outside the castle.

--- map

                                                            #     Raven                               ☠
                                                            |   Wilderness                            |
                              The Hogweeds              # - # - #   |                             ☠ - # - ☠
                                    |                       |       |                                /|
                                    #       0 just loops    |       |           #   # * #   #       7 ☠
                                    |       |   |   |   |   |       |        /  |   +       |     ∘/
                                    #       0 - # - # - #   #       |       8 ∘ # - # ----- #     4
                                    |           |   |   |   |       |           |           |    /∘
 King Welmar's Castle - # - # - # - # - # - # - # - # - # - # - 0 - # - # --∘-- # - # ∘ 3   # ∘ #
                                                            |      ⩗|   |    /  |           |
                                                            #     1 |   #   9 ∘ # ----- # - #
                                                            |       |           |       +   |
                                                        # - # - #   |           #       #   #
                                                            |       |
                                                            #       |
                                                                  Raven
                                                                Wilderness


                                                      #       5 ----- #
                                                      +       ∘       |
            # - # - #                             # - # ----- #       |
            |   v   |                            /    *       +       +
        0 < #   2   |                           #   # # # - # 6       |
            |       2                           |   +   +             |
            1       |                         ∘ 3 - # - # + # - # ∘ # #
            |       !                           |   |   |       +    /
            # - # - #                           #   #   #       # - #

         /
        # ∘ # - #
       /∘       ∘/
      8 #       4       All towers lead to same structure as above 4 - DTs all around, two guards.
        ∘/     /∘
        # ∘ # - #
       /
      9

--- loot

A commoner:
    a commoner's tunic ARMOR AC -4 !sl

Lord Korel (wandering):
    Jarl's greatsword WEAPON slash F0 1d1
    a noble's ring WORN ac -10 hit 1 !e!as!dk
    a Noble's tunic ARMOR AC -5 !sl

A castle guard:
    a key KEY

A wandering wizard:
    a tattered scroll SCROLL
    the robes of a wizard WORN ac -15 mp 18 savespell -3 !cl!th!wa!ra!as!sl!sk!dk!sd

The captain of the guard:
    the key to the keep KEY

A gargoyle:
    Gargoyle eyes OTHER str 2 ac -5

Tark, the jester:
    a jester's hat WORN int -2 dex 3
    Tark's wand WAND (fireball) age -5 mp -15 !mu!nm

The Queen (in 5):
    the queen's ring WORN ac -10 int 1 mp 20 !e!cl!th!wa!ra!as!sl!sk!dk!sd

King Garamond (in 6):
    Garamond's sceptre TREASURE dex -1 dam 2 mag!e!mu!dk!sd!nm
    the King's Crown TREASURE wis 2 int 2 mag!e!mu!dk!sd!nm
    a key of gold KEY (to treasure room)

The Wizard of Garamond (in 7);
    the robes of a wizard WORN ac -15 mp 18 savespell -3 !cl!th!wa!ra!as!sl!sk!dk!sd

--- shops

A baker:
 ##   Available   Item                                               Cost
-------------------------------------------------------------------------
  1)  Unlimited   A tasty pastry                                       22
  2)  Unlimited   A loaf of bread                                      16

The armorer:
 ##   Available   Item                                               Cost
-------------------------------------------------------------------------
  1)  Unlimited   A steel shield                                      519
  2)  Unlimited   Steel chainmail                                     584
  3)  Unlimited   A steel helmet                                      389

A weaponsmith:
 ##   Available   Item                                               Cost
-------------------------------------------------------------------------
  1)  Unlimited   A Garamond wrought sword                           1440
