--- notes

From Samsera: 16w6swse14s7e2s4e3n14e

From 1kmr entrance:
    Underwater Haven: 4ed
    Plains of Xev: ene5n2e
    Atlantis: en5e2n

--- map

v: down to Atlantis

        α           α
        ∧           ∧
    6 < ε       6 < φ
        ∨           ∨
        3           3

                                            α
                                            ∧
        m                       α       6 < 5           O           α
        ∧       Plains          ∧       ∧   |           ∧           ∧
    φ < α - δ - of Xev      6 < 2     ⊂ 4 - 3 > K   N < 6 > K   6 < 9
        ∨   ∨                   ∨       ∨   ∨           ∨           ∨
        3   ε                   3       m   m           J           3

        α           2           9           o           ξ
        ∧           ∧           ∧           ∧   ∧   ∧   ∧
    6 < ξ           0 > o   n < 1 > m   m < 8 - 7 - z - β > 4
        ∨           |           |           ∨   ∨   ∨   ∨
        3           r           s           n   m   m   K

                        0   1   o   n   z   K   K   K
                        |   |   ∧   ∧   ∧   ∧   ∧   ∧
                        r - s - t - u - v > w < x - y > K
                        |   |   |   |  /|   |   |   |
                        j - k - l - m - n - o - p - q > K   O < w > M
                        |   |   |   |   |   |   |   |
                i ----> Z - a > c - d - e - f - g > h > K   e
                |       |   |   |   |   |   |   ∨   |       ∧
                |       X - Y - b - K - L - M - N - O > K   N
                |       |   |   |   |   |   |   |   |
                |       W - V - U - P - Q - R > S > T > K   L < c
                |       ∨   ∨   |   |   |   |   ∧   |
     Thousand - C ----- A - E - F - G - H - B - I - J > K
    Mile Road   |              /
                |   B    Underwater         I < S   N < T
                |   ∧      Haven
                D > A

--- no loot
--- no shops
