--- notes

8s3e2sd29enu

2w3se2s2wnw2n3w2sesw2s2en

--- map

                    # < #   # - #   # - # - #
                    |   |       |       |  /
                    #   # - #   # - #   # A !
                    |       |   |   |   |  /|
                    # - #   # - #   #   # - #
                    |   |           |       |
                    #   # - # * #   # - # - #
                        |   |  /    |   |
                    # - #   # - #   #   # - #
                    |       |               |
                    #       # - # - # - #   #
                            |   |       |   |
                    ! - # - #   #   # - # * #
                   /

    # - # - #   # - # - ☠   # - # - #
    |   |   |   |                /  |
    #   #   #   # - # - # - # - A - #
    |   |   |   |       |   |
    #   #   #   # - #   #   #       #
        |       ^   |   |   |       |
    # - # - # - #   # - #   # - # - #
    |           |       |
    #   #* <#   #       # - # - # - #
    |       |   |           |       |
    # - #   # - # - #   # - #   #   #
        |    /      |       |   |   |
    # - #   B   #   # - # - #   # - #
    |       *   |   |   |
    #       #   #   #   # - # - # - #
    |       |   |   |               |
    # - # - #   # - #   # - # - # - #

                 # - # - #
                 |   |   |
                 # - # - #   # * #
                     |           +
                 # - #   # - 0 - #
                 |       |   |   |
                 # - #   # - # - #
                     |       ∘
                 # - # - # - # - #
                /
               B

2w3se2s2wnw2n3w2sesw2s2en

--- looot

Queen Valusia (in 0):
    the staff of the serpent WEAPON pound F0 5d9 hit 4 mp 30 mag!g!e!mu!th!wa!ra!as!sl!sk!dk!sd!nm
    a scaled key KEY

The Great Serpent:
    the eye of the serpent WORN dam 4 dex 3 mag!g!e!sk!dk
    a mirage of myriad color (!ident, ward for neutral)
