--- notes

From Samera: 20w3n

--- map

                                        #   #
                                        |   |
                                        #---#-+-☠
                                       /|   |
                            1   1     # #   #
                            v   ^    /
                            0   #---#---  # #---#---#
                                    |    /      |
                #---#-------#-------#---0   #---#---#
                |   |       |       |           |
              The   #---#   #   #---#---#   #---#---#
            Proving |               |     Holy  |
            Grounds |               |     Grove |
                    |               |       |   |
                    #---#       #---#---#   #---#
                    |               |       |   |
                    |   #   #       |       |   |
                    |   |   |       |       |   |
                    #---#---#---#---#-------#---#
                    |   |   |   |   |       |   |
                    #   #   #   #   #       #---#
                    |               |
                    |   #   #   #   | #
                    |   |   |   |   |/
                    #---#---#---#---#---#---#
                                    +  x
                                    # #
                                    | |
                             Haon-Dor The Tunnel Maze

--- loot

The Elven mage:
    a Mithril flute WAND (protection from evil) mag!e
    a Leaf-green potion POTION (life drain heal cure critic) mag!e
    an Ocean-blue potion POTION (bless armor sanctuary) mag!e

The Elf named Quintor:
    a small glass jar with a glowing worm in it LIGHT wis 2 str 1 !e
    a water skin LIQ CONTAINER
    a deer hide pouch CONTAINER
